../Core/Src/drivers.c:41:6:LCR_MicroDelay	24	static
../Core/Src/drivers.c:47:6:LCR_Set_As_Output	24	static
../Core/Src/drivers.c:65:6:LCR_Set_As_Input	32	static
../Core/Src/drivers.c:80:6:LCR_PWM_Init	32	static
../Core/Src/drivers.c:112:6:LCR_Rotary_Init	24	static
../Core/Src/drivers.c:156:9:LCR_Rotary_Read	16	static
../Core/Src/drivers.c:168:6:LCR_Rotary_Set	16	static
../Core/Src/drivers.c:179:6:LCR_LED_Init	16	static
../Core/Src/drivers.c:184:6:LCR_LED_On	16	static
../Core/Src/drivers.c:187:6:LCR_LED_Off	16	static
../Core/Src/drivers.c:190:6:LCR_LED_Toggle	24	static
../Core/Src/drivers.c:197:14:LCR_LED_GetState	16	static
../Core/Src/drivers.c:211:6:LCR_Init_Inputs	8	static
../Core/Src/drivers.c:228:6:LCR_Switch_Init	8	static
../Core/Src/drivers.c:238:14:LCR_Switch_GetState	16	static
../Core/Src/drivers.c:256:6:LCD_Set_Data	16	static
../Core/Src/drivers.c:264:6:LCD_Set_RS	16	static
../Core/Src/drivers.c:268:6:LCD_Set_RW	16	static
../Core/Src/drivers.c:272:6:LCD_Set_E	16	static
../Core/Src/drivers.c:276:9:LCR_LCD_IsBusy	8	static
../Core/Src/drivers.c:281:6:LCR_LCD_Write	24	static
../Core/Src/drivers.c:296:6:LCR_LCD_Init	8	static
../Core/Src/drivers.c:365:6:LCR_LCD_Clear	8	static
../Core/Src/drivers.c:369:6:LCR_LCD_GoToXY	16	static
../Core/Src/drivers.c:378:6:LCR_LCD_WriteChar	16	static
../Core/Src/drivers.c:383:6:LCR_LCD_WriteString	16	static
../Core/Src/drivers.c:390:6:LCR_LCD_DefineChar	24	static
../Core/Src/drivers.c:405:6:LCR_ADC_Sample_Init	8	static
../Core/Src/drivers.c:454:6:LCR_ADC_GetSamples	40	static
../Core/Src/drivers.c:494:6:LCR_FuncGen_Init	40	static
../Core/Src/drivers.c:570:6:LCR_FuncGen_Off	4	static
../Core/Src/drivers.c:577:6:LCR_FuncGen_Update	32	static
